../Core/Inc/uros/uros_init.cpp:45:6:void uros_init()	40	static
../Core/Inc/uros/uros_init.cpp:67:6:void uros_agent_status_check()	8	static
../Core/Inc/uros/uros_init.cpp:89:6:void handle_state_agent_waiting()	8	static
../Core/Inc/uros/uros_init.cpp:92:6:void handle_state_agent_available()	8	static
../Core/Inc/uros/uros_init.cpp:96:6:void handle_state_agent_connected()	8	static
../Core/Inc/uros/uros_init.cpp:107:6:void handle_state_agent_trying()	8	static
../Core/Inc/uros/uros_init.cpp:119:6:void handle_state_agent_disconnected()	8	static
../Core/Inc/uros/uros_init.cpp:125:6:void uros_create_entities()	48	static
../Core/Inc/uros/uros_init.cpp:200:6:void uros_destroy_entities()	16	static
../Core/Inc/uros/uros_init.cpp:222:6:void cmd_vel_sub_cb(const void*)	32	static
../Core/Inc/uros/uros_init.cpp:277:6:void update_pose(double, double, double, double, double, double)	56	static
../Core/Inc/uros/uros_init.cpp:287:6:void pose_pub_timer_cb(rcl_timer_t*, int64_t)	32	static
../Core/Inc/uros/uros_init.cpp:303:6:void cmd_arm_sub_cb(const void*)	24	static
