../Core/Inc/uros/uros_init.cpp:46:6:void uros_init()	40	static
../Core/Inc/uros/uros_init.cpp:68:6:void uros_agent_status_check()	8	static
../Core/Inc/uros/uros_init.cpp:90:6:void handle_state_agent_waiting()	8	static
../Core/Inc/uros/uros_init.cpp:93:6:void handle_state_agent_available()	8	static
../Core/Inc/uros/uros_init.cpp:97:6:void handle_state_agent_connected()	8	static
../Core/Inc/uros/uros_init.cpp:108:6:void handle_state_agent_trying()	8	static
../Core/Inc/uros/uros_init.cpp:120:6:void handle_state_agent_disconnected()	8	static
../Core/Inc/uros/uros_init.cpp:126:6:void uros_create_entities()	48	static
../Core/Inc/uros/uros_init.cpp:201:6:void uros_destroy_entities()	16	static
../Core/Inc/uros/uros_init.cpp:223:6:void cmd_vel_sub_cb(const void*)	32	static
../Core/Inc/uros/uros_init.cpp:278:6:void update_pose(float, float, float, float, float, float)	32	static
../Core/Inc/uros/uros_init.cpp:288:6:void pose_pub_timer_cb(rcl_timer_t*, int64_t)	24	static
../Core/Inc/uros/uros_init.cpp:307:6:void cmd_arm_sub_cb(const void*)	24	static
