/home/latuuu/STM32CubeIDE/workspace_1.19.0/tdk_chassis_microros/Core/Inc/Control_Lib/chassis_ctrl/Inc/chassis.hpp:20:9:Chassis::Chassis(MotorController*, MotorController*, MotorController*, MotorController*)	24	static
../Core/Inc/Control_Lib/chassis_ctrl/Src/chassis_monitor.cpp:19:6:void chassis_monitor()	8	static
../Core/Inc/Control_Lib/chassis_ctrl/Src/chassis_monitor.cpp:28:6:void chassis_set_speed(double, double, double)	40	static
../Core/Inc/Control_Lib/chassis_ctrl/Src/chassis_monitor.cpp:32:1:void __static_initialization_and_destruction_0()	16	static
../Core/Inc/Control_Lib/chassis_ctrl/Src/chassis_monitor.cpp:32:1:cpp)	8	static
