../Core/Inc/Control_Lib/Pinpoint/Src/Pinpoint.cpp:12:1:PinpointI2C::PinpointI2C(I2C_HandleTypeDef*, uint8_t, uint32_t)	24	static
../Core/Inc/Control_Lib/Pinpoint/Src/Pinpoint.cpp:18:6:void PinpointI2C::Pinpoint_Init()	16	static
../Core/Inc/Control_Lib/Pinpoint/Src/Pinpoint.cpp:36:6:void PinpointI2C::Pinpoint_TaskLoop()	16	static
../Core/Inc/Control_Lib/Pinpoint/Src/Pinpoint.cpp:59:6:void PinpointI2C::setMaxConsecutiveErrors(uint8_t)	16	static
../Core/Inc/Control_Lib/Pinpoint/Src/Pinpoint.cpp:60:9:uint8_t PinpointI2C::consecutiveErrors() const	16	static
../Core/Inc/Control_Lib/Pinpoint/Src/Pinpoint.cpp:62:6:bool PinpointI2C::isConnected() const	16	static
../Core/Inc/Control_Lib/Pinpoint/Src/Pinpoint.cpp:66:6:bool PinpointI2C::ping()	24	static
../Core/Inc/Control_Lib/Pinpoint/Src/Pinpoint.cpp:73:6:bool PinpointI2C::regRead(uint8_t, void*, uint16_t)	40	static
../Core/Inc/Control_Lib/Pinpoint/Src/Pinpoint.cpp:83:6:bool PinpointI2C::regWrite(uint8_t, const void*, uint16_t)	40	static
../Core/Inc/Control_Lib/Pinpoint/Src/Pinpoint.cpp:93:6:bool PinpointI2C::writeU32(uint8_t, uint32_t)	24	static
../Core/Inc/Control_Lib/Pinpoint/Src/Pinpoint.cpp:94:6:bool PinpointI2C::readU32(uint8_t, uint32_t&)	24	static
../Core/Inc/Control_Lib/Pinpoint/Src/Pinpoint.cpp:95:6:bool PinpointI2C::writeF32(uint8_t, float)	24	static
../Core/Inc/Control_Lib/Pinpoint/Src/Pinpoint.cpp:96:6:bool PinpointI2C::readF32(uint8_t, float&)	24	static
../Core/Inc/Control_Lib/Pinpoint/Src/Pinpoint.cpp:98:6:void PinpointI2C::onOk()	16	static
../Core/Inc/Control_Lib/Pinpoint/Src/Pinpoint.cpp:99:6:void PinpointI2C::onErr()	16	static
../Core/Inc/Control_Lib/Pinpoint/Src/Pinpoint.cpp:102:6:bool PinpointI2C::readDeviceID(uint32_t&)	16	static
../Core/Inc/Control_Lib/Pinpoint/Src/Pinpoint.cpp:103:6:bool PinpointI2C::readDeviceVersion(uint32_t&)	16	static
../Core/Inc/Control_Lib/Pinpoint/Src/Pinpoint.cpp:104:6:bool PinpointI2C::readDeviceStatus(uint32_t&)	16	static
../Core/Inc/Control_Lib/Pinpoint/Src/Pinpoint.cpp:105:6:bool PinpointI2C::readLoopTime(uint32_t&)	16	static
../Core/Inc/Control_Lib/Pinpoint/Src/Pinpoint.cpp:107:6:bool PinpointI2C::readRawEncoders(uint32_t&, uint32_t&)	32	static
../Core/Inc/Control_Lib/Pinpoint/Src/Pinpoint.cpp:114:6:bool PinpointI2C::readBulk(BulkData&)	56	static
../Core/Inc/Control_Lib/Pinpoint/Src/Pinpoint.cpp:134:6:bool PinpointI2C::readPosition(Pose&)	16	static
../Core/Inc/Control_Lib/Pinpoint/Src/Pinpoint.cpp:140:6:bool PinpointI2C::readVelocity(Velocity&)	16	static
../Core/Inc/Control_Lib/Pinpoint/Src/Pinpoint.cpp:147:6:bool PinpointI2C::setTicksPerMM(float)	16	static
../Core/Inc/Control_Lib/Pinpoint/Src/Pinpoint.cpp:151:6:bool PinpointI2C::setOffsets(float, float)	32	static
../Core/Inc/Control_Lib/Pinpoint/Src/Pinpoint.cpp:157:6:bool PinpointI2C::setYawScalar(float)	16	static
../Core/Inc/Control_Lib/Pinpoint/Src/Pinpoint.cpp:162:6:bool PinpointI2C::resetIMU()	24	static
../Core/Inc/Control_Lib/Pinpoint/Src/Pinpoint.cpp:167:6:bool PinpointI2C::resetPosAndIMU()	24	static
../Core/Inc/Control_Lib/Pinpoint/Src/Pinpoint.cpp:172:6:bool PinpointI2C::setEncoderDirections(EncDir, EncDir)	24	static
../Core/Inc/Control_Lib/Pinpoint/Src/Pinpoint.cpp:180:6:bool PinpointI2C::writePosition(const Pose&)	24	static
../Core/Inc/Control_Lib/Pinpoint/Src/Pinpoint.cpp:185:1:void __static_initialization_and_destruction_0()	8	static
../Core/Inc/Control_Lib/Pinpoint/Src/Pinpoint.cpp:185:1:cpp)	8	static
